---------------------------------------------------------------------------------------------------------------------
      name:  <unnamed>
       log:  C:\Users\xsalgi\Desktop\AK91\master.log
  log type:  text
 opened on:   5 Sep 2023, 16:22:56

. 
. *Please change it to make it work
. global rootdir "C:\Users\xsalgi\Desktop\AK91"

. cd $rootdir
C:\Users\xsalgi\Desktop\AK91

. 
. *Load raw data to Management/Input folder. 
. 
. *Remove and create Management/Input directory 
. * /Q -- Quiet mode, won't prompt for confirmation to delete folders.
. * /S -- Run the operation on all folders of the selected path.
. !rmdir "Management/Input" /s /q

. mkdir "Management/Input"

. copy Raw/NEW7080.dta Management/Input/

. 
. *Build data sets in Analysis/Input
. !rmdir "Analysis/Input" /s /q

. mkdir "Analysis/Input"

. do Management/Code/TableIV_data.do

. ***********************************
. **** Giulia Salvi
. **** Task 1
. **** Table IV - data management 
. ***********************************
. clear

. set mem 500m
set memory ignored.
    Memory no longer needs to be set in modern Statas; memory adjustments are performed on the fly automatically.

. cd $rootdir
C:\Users\xsalgi\Desktop\AK91

. local infile "Management\Input\NEW7080"

. local outfile "Analysis/Input/TableIV_data.dta"

. use `infile', replace

. rename v1 AGE

. rename v2 AGEQ

. rename v4 EDUC

. rename v5 ENOCENT

. rename v6 ESOCENT

. rename v9 LWKLYWGE

. rename v10 MARRIED

. rename v11 MIDATL

. rename v12 MT

. rename v13 NEWENG

. rename v16 CENSUS

. rename v18 QOB

. rename v19 RACE

. rename v20 SMSA

. rename v21 SOATL

. rename v24 WNOCENT

. rename v25 WSOCENT

. rename v27 YOB

. drop v8

. gen COHORT=20.29

. replace COHORT=30.39 if YOB<=39 & YOB >=30
(329,509 real changes made)

. replace COHORT=40.49 if YOB<=49 & YOB >=40
(486,926 real changes made)

. replace AGEQ=AGEQ-1900 if CENSUS==80
(816,435 real changes made)

. gen AGEQSQ= AGEQ*AGEQ

. 
. ** Generate YOB dummies **********
. gen YR20=0  

. replace YR20=1 if YOB==1920  
(23,725 real changes made)

. replace YR20=1 if YOB==30 
(33,602 real changes made)

. replace YR20=1 if YOB==40 
(38,218 real changes made)

. gen YR21=0  

. replace YR21=1 if YOB==1921  
(24,978 real changes made)

. replace YR21=1 if YOB==31
(30,583 real changes made)

. replace YR21=1 if YOB==41 
(38,387 real changes made)

. gen YR22=0  

. replace YR22=1 if YOB==1922  
(24,264 real changes made)

. replace YR22=1 if YOB==32 
(32,211 real changes made)

. replace YR22=1 if YOB==42 
(45,018 real changes made)

. gen YR23=0  

. replace YR23=1 if YOB==1923 
(24,345 real changes made)

. replace YR23=1 if YOB==33 
(30,751 real changes made)

. replace YR23=1 if YOB==43 
(46,349 real changes made)

. gen YR24=0  

. replace YR24=1 if YOB==1924  
(25,548 real changes made)

. replace YR24=1 if YOB==34 
(31,916 real changes made)

. replace YR24=1 if YOB==44 
(44,387 real changes made)

. gen YR25=0  

. replace YR25=1 if YOB==1925  
(24,834 real changes made)

. replace YR25=1 if YOB==35 
(32,773 real changes made)

. replace YR25=1 if YOB==45 
(44,546 real changes made)

. gen YR26=0  

. replace YR26=1 if YOB==1926  
(24,431 real changes made)

. replace YR26=1 if YOB==36 
(32,676 real changes made)

. replace YR26=1 if YOB==46 
(54,122 real changes made)

. gen YR27=0  

. replace YR27=1 if YOB==1927  
(25,650 real changes made)

. replace YR27=1 if YOB==37 
(33,969 real changes made)

. replace YR27=1 if YOB==47 
(60,788 real changes made)

. gen YR28=0  

. replace YR28=1 if YOB==1928  
(24,614 real changes made)

. replace YR28=1 if YOB==38 
(35,223 real changes made)

. replace YR28=1 if YOB==48 
(57,692 real changes made)

. gen YR29=0  

. replace YR29=1 if YOB==1929  
(24,810 real changes made)

. replace YR29=1 if YOB==39 
(35,805 real changes made)

. replace YR29=1 if YOB==49 
(57,419 real changes made)

. 
. ** Generate QOB dummies ***********
. gen QTR1=0

. replace QTR1=1 if QOB==1
(262,019 real changes made)

. gen QTR2=0

. replace QTR2=1 if QOB==2
(255,733 real changes made)

. gen QTR3=0

. replace QTR3=1 if QOB==3
(280,749 real changes made)

. gen QTR4=0

. replace QTR4=1 if QOB==4
(265,133 real changes made)

. 
. ** Generate YOB*QOB dummies ********
. gen QTR120= QTR1*YR20

. gen QTR121= QTR1*YR21

. gen QTR122= QTR1*YR22

. gen QTR123= QTR1*YR23

. gen QTR124= QTR1*YR24

. gen QTR125= QTR1*YR25

. gen QTR126= QTR1*YR26

. gen QTR127= QTR1*YR27

. gen QTR128= QTR1*YR28

. gen QTR129= QTR1*YR29

. 
. gen QTR220= QTR2*YR20

. gen QTR221= QTR2*YR21

. gen QTR222= QTR2*YR22

. gen QTR223= QTR2*YR23

. gen QTR224= QTR2*YR24

. gen QTR225= QTR2*YR25

. gen QTR226= QTR2*YR26

. gen QTR227= QTR2*YR27

. gen QTR228= QTR2*YR28

. gen QTR229= QTR2*YR29

. 
. gen QTR320= QTR3*YR20

. gen QTR321= QTR3*YR21

. gen QTR322= QTR3*YR22

. gen QTR323= QTR3*YR23

. gen QTR324= QTR3*YR24

. gen QTR325= QTR3*YR25

. gen QTR326= QTR3*YR26

. gen QTR327= QTR3*YR27

. gen QTR328= QTR3*YR28

. gen QTR329= QTR3*YR29

. 
. 
. keep if COHORT<20.30
(816,435 observations deleted)

. 
. save `outfile', replace
(file Analysis/Input/TableIV_data.dta not found)
file Analysis/Input/TableIV_data.dta saved

. 
end of do-file

. do Management/Code/TableV_data.do

. ***********************************
. **** Giulia Salvi
. **** Task 1
. **** Table V - data management 
. ***********************************
. clear

. set mem 500m
set memory ignored.
    Memory no longer needs to be set in modern Statas; memory adjustments are performed on the fly automatically.

. cd $rootdir
C:\Users\xsalgi\Desktop\AK91

. local infile "Management\Input\NEW7080"

. local outfile "Analysis/Input/TableV_data.dta"

. use `infile', replace

. rename v1 AGE

. rename v2 AGEQ

. rename v4 EDUC

. rename v5 ENOCENT

. rename v6 ESOCENT

. rename v9 LWKLYWGE

. rename v10 MARRIED

. rename v11 MIDATL

. rename v12 MT

. rename v13 NEWENG

. rename v16 CENSUS

. rename v18 QOB

. rename v19 RACE

. rename v20 SMSA

. rename v21 SOATL

. rename v24 WNOCENT

. rename v25 WSOCENT

. rename v27 YOB

. drop v8

. gen COHORT=20.29

. replace COHORT=30.39 if YOB<=39 & YOB >=30
(329,509 real changes made)

. replace COHORT=40.49 if YOB<=49 & YOB >=40
(486,926 real changes made)

. replace AGEQ=AGEQ-1900 if CENSUS==80
(816,435 real changes made)

. gen AGEQSQ= AGEQ*AGEQ

. 
. ** Generate YOB dummies **********
. gen YR20=0  

. replace YR20=1 if YOB==1920  
(23,725 real changes made)

. replace YR20=1 if YOB==30 
(33,602 real changes made)

. replace YR20=1 if YOB==40 
(38,218 real changes made)

. gen YR21=0  

. replace YR21=1 if YOB==1921  
(24,978 real changes made)

. replace YR21=1 if YOB==31
(30,583 real changes made)

. replace YR21=1 if YOB==41 
(38,387 real changes made)

. gen YR22=0  

. replace YR22=1 if YOB==1922  
(24,264 real changes made)

. replace YR22=1 if YOB==32 
(32,211 real changes made)

. replace YR22=1 if YOB==42 
(45,018 real changes made)

. gen YR23=0  

. replace YR23=1 if YOB==1923 
(24,345 real changes made)

. replace YR23=1 if YOB==33 
(30,751 real changes made)

. replace YR23=1 if YOB==43 
(46,349 real changes made)

. gen YR24=0  

. replace YR24=1 if YOB==1924  
(25,548 real changes made)

. replace YR24=1 if YOB==34 
(31,916 real changes made)

. replace YR24=1 if YOB==44 
(44,387 real changes made)

. gen YR25=0  

. replace YR25=1 if YOB==1925  
(24,834 real changes made)

. replace YR25=1 if YOB==35 
(32,773 real changes made)

. replace YR25=1 if YOB==45 
(44,546 real changes made)

. gen YR26=0  

. replace YR26=1 if YOB==1926  
(24,431 real changes made)

. replace YR26=1 if YOB==36 
(32,676 real changes made)

. replace YR26=1 if YOB==46 
(54,122 real changes made)

. gen YR27=0  

. replace YR27=1 if YOB==1927  
(25,650 real changes made)

. replace YR27=1 if YOB==37 
(33,969 real changes made)

. replace YR27=1 if YOB==47 
(60,788 real changes made)

. gen YR28=0  

. replace YR28=1 if YOB==1928  
(24,614 real changes made)

. replace YR28=1 if YOB==38 
(35,223 real changes made)

. replace YR28=1 if YOB==48 
(57,692 real changes made)

. gen YR29=0  

. replace YR29=1 if YOB==1929  
(24,810 real changes made)

. replace YR29=1 if YOB==39 
(35,805 real changes made)

. replace YR29=1 if YOB==49 
(57,419 real changes made)

. 
. ** Generate QOB dummies ***********
. gen QTR1=0

. replace QTR1=1 if QOB==1
(262,019 real changes made)

. gen QTR2=0

. replace QTR2=1 if QOB==2
(255,733 real changes made)

. gen QTR3=0

. replace QTR3=1 if QOB==3
(280,749 real changes made)

. gen QTR4=0

. replace QTR4=1 if QOB==4
(265,133 real changes made)

. 
. ** Generate YOB*QOB dummies ********
. gen QTR120= QTR1*YR20

. gen QTR121= QTR1*YR21

. gen QTR122= QTR1*YR22

. gen QTR123= QTR1*YR23

. gen QTR124= QTR1*YR24

. gen QTR125= QTR1*YR25

. gen QTR126= QTR1*YR26

. gen QTR127= QTR1*YR27

. gen QTR128= QTR1*YR28

. gen QTR129= QTR1*YR29

. 
. gen QTR220= QTR2*YR20

. gen QTR221= QTR2*YR21

. gen QTR222= QTR2*YR22

. gen QTR223= QTR2*YR23

. gen QTR224= QTR2*YR24

. gen QTR225= QTR2*YR25

. gen QTR226= QTR2*YR26

. gen QTR227= QTR2*YR27

. gen QTR228= QTR2*YR28

. gen QTR229= QTR2*YR29

. 
. gen QTR320= QTR3*YR20

. gen QTR321= QTR3*YR21

. gen QTR322= QTR3*YR22

. gen QTR323= QTR3*YR23

. gen QTR324= QTR3*YR24

. gen QTR325= QTR3*YR25

. gen QTR326= QTR3*YR26

. gen QTR327= QTR3*YR27

. gen QTR328= QTR3*YR28

. gen QTR329= QTR3*YR29

. 
. keep if COHORT>30.00 & COHORT <30.40
(734,125 observations deleted)

. 
. save `outfile', replace
(file Analysis/Input/TableV_data.dta not found)
file Analysis/Input/TableV_data.dta saved

. 
end of do-file

. do Management/Code/TableVI_data.do

. ***********************************
. **** Giulia Salvi
. **** Task 1
. **** Table VI - data management 
. ***********************************
. clear

. set mem 500m
set memory ignored.
    Memory no longer needs to be set in modern Statas; memory adjustments are performed on the fly automatically.

. cd $rootdir
C:\Users\xsalgi\Desktop\AK91

. local infile "Management\Input\NEW7080"

. local outfile "Analysis/Input/TableVI_data.dta"

. use `infile', replace

. rename v1 AGE

. rename v2 AGEQ

. rename v4 EDUC

. rename v5 ENOCENT

. rename v6 ESOCENT

. rename v9 LWKLYWGE

. rename v10 MARRIED

. rename v11 MIDATL

. rename v12 MT

. rename v13 NEWENG

. rename v16 CENSUS

. rename v18 QOB

. rename v19 RACE

. rename v20 SMSA

. rename v21 SOATL

. rename v24 WNOCENT

. rename v25 WSOCENT

. rename v27 YOB

. drop v8

. gen COHORT=20.29

. replace COHORT=30.39 if YOB<=39 & YOB >=30
(329,509 real changes made)

. replace COHORT=40.49 if YOB<=49 & YOB >=40
(486,926 real changes made)

. replace AGEQ=AGEQ-1900 if CENSUS==80
(816,435 real changes made)

. gen AGEQSQ= AGEQ*AGEQ

. 
. ** Generate YOB dummies **********
. gen YR20=0  

. replace YR20=1 if YOB==1920  
(23,725 real changes made)

. replace YR20=1 if YOB==30 
(33,602 real changes made)

. replace YR20=1 if YOB==40 
(38,218 real changes made)

. gen YR21=0  

. replace YR21=1 if YOB==1921  
(24,978 real changes made)

. replace YR21=1 if YOB==31
(30,583 real changes made)

. replace YR21=1 if YOB==41 
(38,387 real changes made)

. gen YR22=0  

. replace YR22=1 if YOB==1922  
(24,264 real changes made)

. replace YR22=1 if YOB==32 
(32,211 real changes made)

. replace YR22=1 if YOB==42 
(45,018 real changes made)

. gen YR23=0  

. replace YR23=1 if YOB==1923 
(24,345 real changes made)

. replace YR23=1 if YOB==33 
(30,751 real changes made)

. replace YR23=1 if YOB==43 
(46,349 real changes made)

. gen YR24=0  

. replace YR24=1 if YOB==1924  
(25,548 real changes made)

. replace YR24=1 if YOB==34 
(31,916 real changes made)

. replace YR24=1 if YOB==44 
(44,387 real changes made)

. gen YR25=0  

. replace YR25=1 if YOB==1925  
(24,834 real changes made)

. replace YR25=1 if YOB==35 
(32,773 real changes made)

. replace YR25=1 if YOB==45 
(44,546 real changes made)

. gen YR26=0  

. replace YR26=1 if YOB==1926  
(24,431 real changes made)

. replace YR26=1 if YOB==36 
(32,676 real changes made)

. replace YR26=1 if YOB==46 
(54,122 real changes made)

. gen YR27=0  

. replace YR27=1 if YOB==1927  
(25,650 real changes made)

. replace YR27=1 if YOB==37 
(33,969 real changes made)

. replace YR27=1 if YOB==47 
(60,788 real changes made)

. gen YR28=0  

. replace YR28=1 if YOB==1928  
(24,614 real changes made)

. replace YR28=1 if YOB==38 
(35,223 real changes made)

. replace YR28=1 if YOB==48 
(57,692 real changes made)

. gen YR29=0  

. replace YR29=1 if YOB==1929  
(24,810 real changes made)

. replace YR29=1 if YOB==39 
(35,805 real changes made)

. replace YR29=1 if YOB==49 
(57,419 real changes made)

. 
. ** Generate QOB dummies ***********
. gen QTR1=0

. replace QTR1=1 if QOB==1
(262,019 real changes made)

. gen QTR2=0

. replace QTR2=1 if QOB==2
(255,733 real changes made)

. gen QTR3=0

. replace QTR3=1 if QOB==3
(280,749 real changes made)

. gen QTR4=0

. replace QTR4=1 if QOB==4
(265,133 real changes made)

. 
. ** Generate YOB*QOB dummies ********
. gen QTR120= QTR1*YR20

. gen QTR121= QTR1*YR21

. gen QTR122= QTR1*YR22

. gen QTR123= QTR1*YR23

. gen QTR124= QTR1*YR24

. gen QTR125= QTR1*YR25

. gen QTR126= QTR1*YR26

. gen QTR127= QTR1*YR27

. gen QTR128= QTR1*YR28

. gen QTR129= QTR1*YR29

. 
. gen QTR220= QTR2*YR20

. gen QTR221= QTR2*YR21

. gen QTR222= QTR2*YR22

. gen QTR223= QTR2*YR23

. gen QTR224= QTR2*YR24

. gen QTR225= QTR2*YR25

. gen QTR226= QTR2*YR26

. gen QTR227= QTR2*YR27

. gen QTR228= QTR2*YR28

. gen QTR229= QTR2*YR29

. 
. gen QTR320= QTR3*YR20

. gen QTR321= QTR3*YR21

. gen QTR322= QTR3*YR22

. gen QTR323= QTR3*YR23

. gen QTR324= QTR3*YR24

. gen QTR325= QTR3*YR25

. gen QTR326= QTR3*YR26

. gen QTR327= QTR3*YR27

. gen QTR328= QTR3*YR28

. gen QTR329= QTR3*YR29

. 
. keep if COHORT>40.00
(576,708 observations deleted)

. 
. save `outfile', replace
(file Analysis/Input/TableVI_data.dta not found)
file Analysis/Input/TableVI_data.dta saved

. 
end of do-file

. 
. *Analysis to replicate tables 
. !rmdir "Analysis/Results" /s /q

. mkdir "Analysis/Results"

. do Analysis/Code/TableIV_analysis.do

. ***********************************
. **** Giulia Salvi
. **** Task 1
. **** Table IV - Analysis
. ***********************************
. 
. clear

. cd $rootdir
C:\Users\xsalgi\Desktop\AK91

. local infile "Analysis/Input/TableIV_data.dta"

. local outdir "Analysis/Results"

. use `infile', replace

. 
. ** Col 1 3 5 7 ***
. est clear

. reg  LWKLYWGE EDUC  YR20-YR28 

      Source |       SS           df       MS      Number of obs   =   247,199
-------------+----------------------------------   F(10, 247188)   =   5100.52
       Model |  17934.8419        10  1793.48419   Prob > F        =    0.0000
    Residual |  86918.1779   247,188  .351627821   R-squared       =    0.1710
-------------+----------------------------------   Adj R-squared   =    0.1710
       Total |   104853.02   247,198  .424166133   Root MSE        =    .59298

------------------------------------------------------------------------------
    LWKLYWGE | Coefficient  Std. err.      t    P>|t|     [95% conf. interval]
-------------+----------------------------------------------------------------
        EDUC |   .0801595   .0003552   225.67   0.000     .0794633    .0808557
        YR20 |    .023484   .0053878     4.36   0.000     .0129241    .0340439
        YR21 |     .02899   .0053167     5.45   0.000     .0185693    .0394107
        YR22 |   .0232415   .0053556     4.34   0.000     .0127447    .0337383
        YR23 |   .0255564   .0053503     4.78   0.000     .0150699    .0360429
        YR24 |   .0264291    .005286     5.00   0.000     .0160686    .0367896
        YR25 |   .0308406   .0053234     5.79   0.000     .0204069    .0412743
        YR26 |   .0291043   .0053449     5.45   0.000     .0186284    .0395802
        YR27 |   .0271039   .0052807     5.13   0.000     .0167538     .037454
        YR28 |   .0242569   .0053348     4.55   0.000     .0138009     .034713
       _cons |    4.20996   .0056167   749.54   0.000     4.198951    4.220968
------------------------------------------------------------------------------

. est store c1

. reg  LWKLYWGE EDUC  YR20-YR28 AGEQ AGEQSQ

      Source |       SS           df       MS      Number of obs   =   247,199
-------------+----------------------------------   F(12, 247186)   =   4250.99
       Model |  17936.8995        12  1494.74162   Prob > F        =    0.0000
    Residual |  86916.1203   247,186  .351622342   R-squared       =    0.1711
-------------+----------------------------------   Adj R-squared   =    0.1710
       Total |   104853.02   247,198  .424166133   Root MSE        =    .59298

------------------------------------------------------------------------------
    LWKLYWGE | Coefficient  Std. err.      t    P>|t|     [95% conf. interval]
-------------+----------------------------------------------------------------
        EDUC |   .0801676   .0003553   225.65   0.000     .0794712    .0808639
        YR20 |  -.0247372   .0390484    -0.63   0.526    -.1012711    .0517967
        YR21 |  -.0263221   .0352192    -0.75   0.455    -.0953509    .0427067
        YR22 |  -.0359758   .0322031    -1.12   0.264     -.099093    .0271414
        YR23 |  -.0344738    .029489    -1.17   0.242    -.0922716    .0233239
        YR24 |  -.0313263    .026628    -1.18   0.239    -.0835164    .0208639
        YR25 |  -.0215758   .0233483    -0.92   0.355     -.067338    .0241863
        YR26 |   -.014863   .0193589    -0.77   0.443    -.0528059    .0230798
        YR27 |  -.0053281   .0145304    -0.37   0.714    -.0338072    .0231511
        YR28 |   .0063699   .0091343     0.70   0.486    -.0115331    .0242729
        AGEQ |   .1445517   .0675997     2.14   0.032      .012058    .2770454
      AGEQSQ |  -.0015423   .0007478    -2.06   0.039     -.003008   -.0000765
       _cons |   .8830288   1.516431     0.58   0.560    -2.089136    3.855193
------------------------------------------------------------------------------

. est store c3

. reg  LWKLYWGE EDUC  RACE MARRIED SMSA NEWENG MIDATL ENOCENT WNOCENT SOATL ESOCENT WSOCENT MT YR20-YR28  

      Source |       SS           df       MS      Number of obs   =   247,199
-------------+----------------------------------   F(21, 247177)   =   3508.40
       Model |  24077.0055        21  1146.52407   Prob > F        =    0.0000
    Residual |  80776.0143   247,177  .326794217   R-squared       =    0.2296
-------------+----------------------------------   Adj R-squared   =    0.2296
       Total |   104853.02   247,198  .424166133   Root MSE        =    .57166

------------------------------------------------------------------------------
    LWKLYWGE | Coefficient  Std. err.      t    P>|t|     [95% conf. interval]
-------------+----------------------------------------------------------------
        EDUC |   .0701188   .0003546   197.71   0.000     .0694237    .0708139
        RACE |  -.2979509   .0043445   -68.58   0.000     -.306466   -.2894358
     MARRIED |   .2928024   .0037449    78.19   0.000     .2854625    .3001423
        SMSA |  -.1343181   .0025648   -52.37   0.000    -.1393451   -.1292912
      NEWENG |  -.0327304   .0059551    -5.50   0.000    -.0444023   -.0210586
      MIDATL |  -.0131068   .0041124    -3.19   0.001    -.0211669   -.0050467
     ENOCENT |    .019752   .0040477     4.88   0.000     .0118187    .0276854
     WNOCENT |  -.1414501   .0054026   -26.18   0.000    -.1520391   -.1308612
       SOATL |  -.1037871   .0044282   -23.44   0.000    -.1124663   -.0951078
     ESOCENT |  -.2077824   .0058935   -35.26   0.000    -.2193334   -.1962313
     WSOCENT |  -.1514476   .0050699   -29.87   0.000    -.1613844   -.1415107
          MT |  -.1268479   .0067059   -18.92   0.000    -.1399914   -.1137044
        YR20 |   .0122181    .005195     2.35   0.019     .0020359    .0224002
        YR21 |   .0161059   .0051267     3.14   0.002     .0060578     .026154
        YR22 |   .0139765   .0051637     2.71   0.007     .0038559    .0240972
        YR23 |   .0166631   .0051587     3.23   0.001     .0065523     .026774
        YR24 |   .0173557   .0050966     3.41   0.001     .0073665    .0273448
        YR25 |   .0251024   .0051323     4.89   0.000     .0150431    .0351616
        YR26 |   .0238508    .005153     4.63   0.000      .013751    .0339506
        YR27 |   .0226915   .0050911     4.46   0.000     .0127132    .0326699
        YR28 |    .019031   .0051432     3.70   0.000     .0089505    .0291116
       _cons |   4.191501   .0072429   578.71   0.000     4.177305    4.205697
------------------------------------------------------------------------------

. est store c5

. reg  LWKLYWGE EDUC  RACE MARRIED SMSA NEWENG MIDATL ENOCENT WNOCENT SOATL ESOCENT WSOCENT MT YR20-YR28 AGEQ AGEQSQ 

      Source |       SS           df       MS      Number of obs   =   247,199
-------------+----------------------------------   F(23, 247175)   =   3203.50
       Model |  24078.2095        23  1046.87868   Prob > F        =    0.0000
    Residual |  80774.8103   247,175  .326791991   R-squared       =    0.2296
-------------+----------------------------------   Adj R-squared   =    0.2296
       Total |   104853.02   247,198  .424166133   Root MSE        =    .57166

------------------------------------------------------------------------------
    LWKLYWGE | Coefficient  Std. err.      t    P>|t|     [95% conf. interval]
-------------+----------------------------------------------------------------
        EDUC |   .0701242   .0003547   197.69   0.000     .0694289    .0708194
        RACE |  -.2979528   .0043445   -68.58   0.000    -.3064679   -.2894376
     MARRIED |   .2927938   .0037449    78.18   0.000     .2854539    .3001337
        SMSA |  -.1343204   .0025648   -52.37   0.000    -.1393473   -.1292935
      NEWENG |  -.0327575   .0059551    -5.50   0.000    -.0444293   -.0210856
      MIDATL |  -.0131056   .0041123    -3.19   0.001    -.0211657   -.0050456
     ENOCENT |    .019735   .0040477     4.88   0.000     .0118016    .0276683
     WNOCENT |  -.1414505   .0054026   -26.18   0.000    -.1520395   -.1308615
       SOATL |  -.1037686   .0044283   -23.43   0.000     -.112448   -.0950893
     ESOCENT |  -.2077598   .0058935   -35.25   0.000     -.219311   -.1962087
     WSOCENT |  -.1513879   .0050702   -29.86   0.000    -.1613254   -.1414505
          MT |  -.1268288   .0067059   -18.91   0.000    -.1399723   -.1136853
        YR20 |  -.0178908    .037649    -0.48   0.635    -.0916818    .0559002
        YR21 |  -.0207608    .033957    -0.61   0.541    -.0873157    .0457941
        YR22 |   -.027055   .0310488    -0.87   0.384    -.0879098    .0337997
        YR23 |  -.0260209   .0284315    -0.92   0.360    -.0817458     .029704
        YR24 |  -.0244832   .0256729    -0.95   0.340    -.0748014    .0258349
        YR25 |  -.0134015   .0225105    -0.60   0.552    -.0575216    .0307185
        YR26 |  -.0088009   .0186642    -0.47   0.637    -.0453823    .0277804
        YR27 |  -.0016045   .0140087    -0.11   0.909    -.0290612    .0258521
        YR28 |   .0055357   .0088062     0.63   0.530    -.0117241    .0227955
        AGEQ |   .1162067   .0651707     1.78   0.075    -.0115261    .2439395
      AGEQSQ |  -.0012505    .000721    -1.73   0.083    -.0026636    .0001626
       _cons |   1.534505   1.461947     1.05   0.294    -1.330872    4.399882
------------------------------------------------------------------------------

. est store c7

. 
. 
. ** Col 2 4 6 8 ***
. ivregress 2sls LWKLYWGE YR20-YR28 (EDUC = QTR120-QTR129 QTR220-QTR229 QTR320-QTR329 YR20-YR28)

Instrumental variables 2SLS regression            Number of obs   =    247,199
                                                  Wald chi2(10)   =     104.35
                                                  Prob > chi2     =     0.0000
                                                  R-squared       =     0.1708
                                                  Root MSE        =     .59307

------------------------------------------------------------------------------
    LWKLYWGE | Coefficient  Std. err.      z    P>|z|     [95% conf. interval]
-------------+----------------------------------------------------------------
        EDUC |   .0768557   .0150413     5.11   0.000     .0473752    .1063361
        YR20 |   .0217599   .0095191     2.29   0.022     .0031028     .040417
        YR21 |     .02776   .0077213     3.60   0.000     .0126265    .0428935
        YR22 |   .0220058    .007767     2.83   0.005     .0067827    .0372288
        YR23 |   .0246441   .0067731     3.64   0.000      .011369    .0379192
        YR24 |   .0257169   .0062014     4.15   0.000     .0135624    .0378715
        YR25 |   .0300778   .0063561     4.73   0.000     .0176201    .0425356
        YR26 |   .0286313   .0057629     4.97   0.000     .0173363    .0399264
        YR27 |   .0264814   .0059936     4.42   0.000     .0147342    .0382286
        YR28 |   .0239047   .0055712     4.29   0.000     .0129854    .0348241
       _cons |   4.248729   .1765461    24.07   0.000     3.902705    4.594753
------------------------------------------------------------------------------
Instrumented: EDUC
 Instruments: YR20 YR21 YR22 YR23 YR24 YR25 YR26 YR27 YR28 QTR120 QTR121
              QTR122 QTR123 QTR124 QTR125 QTR126 QTR127 QTR128 QTR129 QTR220
              QTR221 QTR222 QTR223 QTR224 QTR225 QTR226 QTR227 QTR228 QTR229
              QTR320 QTR321 QTR322 QTR323 QTR324 QTR325 QTR326 QTR327 QTR328
              QTR329

. est store c2

. ivregress 2sls LWKLYWGE YR20-YR28 AGEQ AGEQSQ (EDUC = QTR120-QTR129 QTR220-QTR229 QTR320-QTR329 YR20-YR28)
note: QTR327 omitted because of collinearity.
note: QTR329 omitted because of collinearity.

Instrumental variables 2SLS regression            Number of obs   =    247,199
                                                  Wald chi2(12)   =     104.08
                                                  Prob > chi2     =     0.0000
                                                  R-squared       =     0.1023
                                                  Root MSE        =     .61707

------------------------------------------------------------------------------
    LWKLYWGE | Coefficient  Std. err.      z    P>|z|     [95% conf. interval]
-------------+----------------------------------------------------------------
        EDUC |   .1310424    .033356     3.93   0.000     .0656659    .1964189
        YR20 |  -.1134064   .0709262    -1.60   0.110    -.2524193    .0256065
        YR21 |  -.1081954   .0649955    -1.66   0.096    -.2355842    .0191934
        YR22 |   -.103873    .055718    -1.86   0.062    -.2130781    .0053322
        YR23 |  -.0938903   .0495892    -1.89   0.058    -.1910834    .0033029
        YR24 |   -.080653   .0425868    -1.89   0.058    -.1641216    .0028156
        YR25 |  -.0573874   .0337871    -1.70   0.089     -.123609    .0088341
        YR26 |  -.0427072   .0271859    -1.57   0.116    -.0959905    .0105761
        YR27 |  -.0188154   .0175163    -1.07   0.283    -.0531468     .015516
        YR28 |   .0003555   .0102907     0.03   0.972     -.019814     .020525
        AGEQ |   .1409151   .0703863     2.00   0.045     .0029605    .2788697
      AGEQSQ |  -.0013605   .0007873    -1.73   0.084    -.0029035    .0001826
       _cons |   .1337519   1.652725     0.08   0.935    -3.105529    3.373033
------------------------------------------------------------------------------
Instrumented: EDUC
 Instruments: YR20 YR21 YR22 YR23 YR24 YR25 YR26 YR27 YR28 AGEQ AGEQSQ
              QTR120 QTR121 QTR122 QTR123 QTR124 QTR125 QTR126 QTR127 QTR128
              QTR129 QTR220 QTR221 QTR222 QTR223 QTR224 QTR225 QTR226 QTR227
              QTR228 QTR229 QTR320 QTR321 QTR322 QTR323 QTR324 QTR325 QTR326
              QTR328

. est store c4

. ivregress 2sls LWKLYWGE YR20-YR28 RACE MARRIED SMSA NEWENG MIDATL ENOCENT WNOCENT SOATL ESOCENT WSOCENT MT  (EDUC =
>  QTR120-QTR129 QTR220-QTR229 QTR320-QTR329 YR20-YR28)

Instrumental variables 2SLS regression            Number of obs   =    247,199
                                                  Wald chi2(21)   =   34596.79
                                                  Prob > chi2     =     0.0000
                                                  R-squared       =     0.2294
                                                  Root MSE        =     .57173

------------------------------------------------------------------------------
    LWKLYWGE | Coefficient  Std. err.      z    P>|z|     [95% conf. interval]
-------------+----------------------------------------------------------------
        EDUC |   .0668509   .0150912     4.43   0.000     .0372727    .0964291
        YR20 |   .0103977   .0098807     1.05   0.293    -.0089682    .0297636
        YR21 |   .0147392   .0081301     1.81   0.070    -.0011954    .0306738
        YR22 |    .012674   .0079265     1.60   0.110    -.0028617    .0282098
        YR23 |    .015665   .0069177     2.26   0.024     .0021064    .0292235
        YR24 |   .0165313   .0063613     2.60   0.009     .0040635    .0289992
        YR25 |   .0243016   .0063259     3.84   0.000      .011903    .0367001
        YR26 |   .0233091   .0057284     4.07   0.000     .0120817    .0345365
        YR27 |   .0220532    .005883     3.75   0.000     .0105227    .0335837
        YR28 |   .0186236    .005477     3.40   0.001     .0078888    .0293583
        RACE |  -.3055315    .035266    -8.66   0.000    -.3746516   -.2364114
     MARRIED |   .2941322   .0071915    40.90   0.000     .2800372    .3082272
        SMSA |  -.1362415   .0092426   -14.74   0.000    -.1543565   -.1181264
      NEWENG |  -.0340735   .0085978    -3.96   0.000     -.050925   -.0172221
      MIDATL |  -.0145956   .0080099    -1.82   0.068    -.0302948    .0011036
     ENOCENT |   .0173361   .0118655     1.46   0.144    -.0059199    .0405922
     WNOCENT |   -.143347   .0102902   -13.93   0.000    -.1635153   -.1231787
       SOATL |  -.1073946   .0172338    -6.23   0.000    -.1411723    -.073617
     ESOCENT |  -.2131811   .0256118    -8.32   0.000    -.2633794   -.1629828
     WSOCENT |  -.1551598   .0178727    -8.68   0.000    -.1901898   -.1201299
          MT |  -.1273555   .0071044   -17.93   0.000    -.1412798   -.1134311
       _cons |   4.232152   .1878152    22.53   0.000     3.864041    4.600263
------------------------------------------------------------------------------
Instrumented: EDUC
 Instruments: YR20 YR21 YR22 YR23 YR24 YR25 YR26 YR27 YR28 RACE MARRIED SMSA
              NEWENG MIDATL ENOCENT WNOCENT SOATL ESOCENT WSOCENT MT QTR120
              QTR121 QTR122 QTR123 QTR124 QTR125 QTR126 QTR127 QTR128 QTR129
              QTR220 QTR221 QTR222 QTR223 QTR224 QTR225 QTR226 QTR227 QTR228
              QTR229 QTR320 QTR321 QTR322 QTR323 QTR324 QTR325 QTR326 QTR327
              QTR328 QTR329

. est store c6

. ivregress 2sls LWKLYWGE YR20-YR28 RACE MARRIED SMSA NEWENG MIDATL ENOCENT WNOCENT SOATL ESOCENT WSOCENT MT AGEQ AGE
> QSQ (EDUC = QTR120-QTR129 QTR220-QTR229 QTR320-QTR329 YR20-YR28)
note: QTR327 omitted because of collinearity.
note: QTR329 omitted because of collinearity.

Instrumental variables 2SLS regression            Number of obs   =    247,199
                                                  Wald chi2(23)   =   33602.63
                                                  Prob > chi2     =     0.0000
                                                  R-squared       =     0.2065
                                                  Root MSE        =     .58017

------------------------------------------------------------------------------
    LWKLYWGE | Coefficient  Std. err.      z    P>|z|     [95% conf. interval]
-------------+----------------------------------------------------------------
        EDUC |   .1007154    .033412     3.01   0.003     .0352291    .1662017
        YR20 |  -.0679552   .0667052    -1.02   0.308     -.198695    .0627846
        YR21 |  -.0669484   .0610922    -1.10   0.273    -.1866869    .0527901
        YR22 |  -.0659501   .0528911    -1.25   0.212    -.1696148    .0377145
        YR23 |  -.0600534   .0470548    -1.28   0.202     -.152279    .0321723
        YR24 |  -.0525377   .0402207    -1.31   0.191    -.1313688    .0262935
        YR25 |  -.0342578   .0322615    -1.06   0.288    -.0974891    .0289736
        YR26 |  -.0247789   .0257554    -0.96   0.336    -.0752585    .0257007
        YR27 |  -.0095263    .016643    -0.57   0.567    -.0421461    .0230935
        YR28 |   .0024244   .0095615     0.25   0.800    -.0163158    .0211646
        RACE |  -.2270549   .0775561    -2.93   0.003     -.379062   -.0750478
     MARRIED |   .2803621   .0140991    19.89   0.000     .2527282    .3079959
        SMSA |  -.1163199   .0198307    -5.87   0.000    -.1551874   -.0774524
      NEWENG |  -.0201886   .0149986    -1.35   0.178    -.0495853     .009208
      MIDATL |   .0008336   .0157854     0.05   0.958    -.0301051    .0317723
     ENOCENT |   .0423374   .0250246     1.69   0.091    -.0067099    .0913846
     WNOCENT |  -.1236592   .0201894    -6.12   0.000    -.1632297   -.0840886
       SOATL |  -.0699707   .0371848    -1.88   0.060    -.1428515    .0029102
     ESOCENT |  -.1571901   .0555524    -2.83   0.005    -.2660707   -.0483095
     WSOCENT |  -.1165472   .0383975    -3.04   0.002    -.1918048   -.0412895
          MT |  -.1220908   .0085495   -14.28   0.000    -.1388476   -.1053341
        AGEQ |   .1170303   .0661453     1.77   0.077    -.0126122    .2466728
      AGEQSQ |  -.0011772    .000736    -1.60   0.110    -.0026198    .0002654
       _cons |    .999542   1.594612     0.63   0.531    -2.125839    4.124923
------------------------------------------------------------------------------
Instrumented: EDUC
 Instruments: YR20 YR21 YR22 YR23 YR24 YR25 YR26 YR27 YR28 RACE MARRIED SMSA
              NEWENG MIDATL ENOCENT WNOCENT SOATL ESOCENT WSOCENT MT AGEQ
              AGEQSQ QTR120 QTR121 QTR122 QTR123 QTR124 QTR125 QTR126 QTR127
              QTR128 QTR129 QTR220 QTR221 QTR222 QTR223 QTR224 QTR225 QTR226
              QTR227 QTR228 QTR229 QTR320 QTR321 QTR322 QTR323 QTR324 QTR325
              QTR326 QTR328

. est store c8 

. 
. *Export as a table in Latex
. esttab c* using `outdir'/TableIV.tex, replace b(3) se(3) star(* 0.10 ** 0.05 *** 0.01) booktabs ///
> se r2 ar2  ///
> alignment(D{.}{.}{-1}) width(0.9\hsize)        
(file Analysis/Results/TableIV.tex not found)
(output written to Analysis/Results/TableIV.tex)

. 
end of do-file

. do Analysis/Code/TableV_analysis.do

. ***********************************
. **** Giulia Salvi
. **** Task 1
. **** Table IV - Analysis
. ***********************************
. 
. clear

. cd $rootdir
C:\Users\xsalgi\Desktop\AK91

. local infile "Analysis/Input/TableV_data.dta"

. local outdir "Analysis/Results"

. use `infile', replace

. 
. ** Col 1 3 5 7 ***
. est clear

. reg  LWKLYWGE EDUC  YR20-YR28 

      Source |       SS           df       MS      Number of obs   =   329,509
-------------+----------------------------------   F(10, 329498)   =   4397.45
       Model |  17878.1586        10  1787.81586   Prob > F        =    0.0000
    Residual |  133959.712   329,498  .406556981   R-squared       =    0.1177
-------------+----------------------------------   Adj R-squared   =    0.1177
       Total |  151837.871   329,508  .460801773   Root MSE        =    .63762

------------------------------------------------------------------------------
    LWKLYWGE | Coefficient  Std. err.      t    P>|t|     [95% conf. interval]
-------------+----------------------------------------------------------------
        EDUC |    .071081    .000339   209.67   0.000     .0704166    .0717455
        YR20 |   .0481636   .0048468     9.94   0.000      .038664    .0576633
        YR21 |   .0417762   .0049669     8.41   0.000     .0320412    .0515112
        YR22 |   .0333253   .0048984     6.80   0.000     .0237245     .042926
        YR23 |   .0305805   .0049587     6.17   0.000     .0208615    .0402994
        YR24 |   .0271644   .0049096     5.53   0.000     .0175417     .036787
        YR25 |   .0152689   .0048751     3.13   0.002     .0057138    .0248241
        YR26 |   .0163829   .0048786     3.36   0.001     .0068209    .0259448
        YR27 |   .0114515   .0048296     2.37   0.018     .0019856    .0209174
        YR28 |   .0112732   .0047851     2.36   0.018     .0018945    .0206519
       _cons |   4.969185   .0055557   894.42   0.000     4.958296    4.980074
------------------------------------------------------------------------------

. est store c1

. reg  LWKLYWGE EDUC  YR20-YR28 AGEQ AGEQSQ

      Source |       SS           df       MS      Number of obs   =   329,509
-------------+----------------------------------   F(12, 329496)   =   3664.88
       Model |  17879.6923        12  1489.97436   Prob > F        =    0.0000
    Residual |  133958.178   329,496  .406554794   R-squared       =    0.1178
-------------+----------------------------------   Adj R-squared   =    0.1177
       Total |  151837.871   329,508  .460801773   Root MSE        =    .63762

------------------------------------------------------------------------------
    LWKLYWGE | Coefficient  Std. err.      t    P>|t|     [95% conf. interval]
-------------+----------------------------------------------------------------
        EDUC |   .0710737   .0003391   209.62   0.000     .0704091    .0717382
        YR20 |   .1033404   .0363406     2.84   0.004     .0321139    .1745668
        YR21 |   .0971334   .0326949     2.97   0.003     .0330523    .1612146
        YR22 |   .0872853   .0297449     2.93   0.003     .0289863    .1455844
        YR23 |   .0815684   .0271335     3.01   0.003     .0283876    .1347492
        YR24 |   .0735621   .0244142     3.01   0.003      .025711    .1214131
        YR25 |   .0555608   .0213492     2.60   0.009     .0137171    .0974046
        YR26 |   .0489979   .0176847     2.77   0.006     .0143365    .0836594
        YR27 |   .0347328    .013239     2.62   0.009     .0087848    .0606809
        YR28 |   .0237347   .0082492     2.88   0.004     .0075664    .0399029
        AGEQ |  -.0771898   .0620977    -1.24   0.214    -.1988994    .0445199
      AGEQSQ |   .0007874   .0006881     1.14   0.252    -.0005612     .002136
       _cons |   6.805408   1.391314     4.89   0.000     4.078472    9.532343
------------------------------------------------------------------------------

. est store c3

. reg  LWKLYWGE EDUC  RACE MARRIED SMSA NEWENG MIDATL ENOCENT WNOCENT SOATL ESOCENT WSOCENT MT YR20-YR28  

      Source |       SS           df       MS      Number of obs   =   329,509
-------------+----------------------------------   F(21, 329487)   =   3101.11
       Model |   25058.098        21  1193.24276   Prob > F        =    0.0000
    Residual |  126779.773   329,487  .384779286   R-squared       =    0.1650
-------------+----------------------------------   Adj R-squared   =    0.1650
       Total |  151837.871   329,508  .460801773   Root MSE        =    .62031

------------------------------------------------------------------------------
    LWKLYWGE | Coefficient  Std. err.      t    P>|t|     [95% conf. interval]
-------------+----------------------------------------------------------------
        EDUC |   .0632457   .0003393   186.42   0.000     .0625808    .0639107
        RACE |  -.2574833   .0040414   -63.71   0.000    -.2654043   -.2495623
     MARRIED |   .2478674   .0031666    78.28   0.000      .241661    .2540739
        SMSA |  -.1763007   .0028655   -61.53   0.000    -.1819169   -.1706844
      NEWENG |  -.1133839   .0055121   -20.57   0.000    -.1241874   -.1025804
      MIDATL |  -.0527654   .0041003   -12.87   0.000    -.0608018   -.0447289
     ENOCENT |   .0159711   .0039398     4.05   0.000     .0082492     .023693
     WNOCENT |  -.1077725   .0050041   -21.54   0.000    -.1175803   -.0979647
       SOATL |  -.1393092   .0041035   -33.95   0.000    -.1473519   -.1312664
     ESOCENT |  -.1644494   .0053262   -30.88   0.000    -.1748885   -.1540102
     WSOCENT |  -.1031785   .0046701   -22.09   0.000    -.1123317   -.0940252
          MT |  -.0920934   .0057895   -15.91   0.000    -.1034406   -.0807462
        YR20 |   .0306364   .0047176     6.49   0.000     .0213901    .0398827
        YR21 |   .0265911   .0048339     5.50   0.000     .0171169    .0360653
        YR22 |   .0221746   .0047665     4.65   0.000     .0128324    .0315168
        YR23 |   .0222913   .0048246     4.62   0.000     .0128352    .0317475
        YR24 |   .0194833   .0047767     4.08   0.000     .0101211    .0288455
        YR25 |   .0098179   .0047431     2.07   0.038     .0005216    .0191141
        YR26 |   .0102502   .0047464     2.16   0.031     .0009473     .019553
        YR27 |   .0076009   .0046986     1.62   0.106    -.0016083    .0168101
        YR28 |   .0084683   .0046553     1.82   0.069    -.0006559    .0175926
       _cons |   4.985792   .0069468   717.71   0.000     4.972176    4.999408
------------------------------------------------------------------------------

. est store c5

. reg  LWKLYWGE EDUC  RACE MARRIED SMSA NEWENG MIDATL ENOCENT WNOCENT SOATL ESOCENT WSOCENT MT YR20-YR28 AGEQ AGEQSQ 

      Source |       SS           df       MS      Number of obs   =   329,509
-------------+----------------------------------   F(23, 329485)   =   2831.65
       Model |   25059.716        23  1089.55287   Prob > F        =    0.0000
    Residual |  126778.155   329,485  .384776711   R-squared       =    0.1650
-------------+----------------------------------   Adj R-squared   =    0.1650
       Total |  151837.871   329,508  .460801773   Root MSE        =     .6203

------------------------------------------------------------------------------
    LWKLYWGE | Coefficient  Std. err.      t    P>|t|     [95% conf. interval]
-------------+----------------------------------------------------------------
        EDUC |   .0632378   .0003393   186.37   0.000     .0625728    .0639028
        RACE |  -.2574534   .0040414   -63.70   0.000    -.2653745   -.2495323
     MARRIED |   .2478785   .0031666    78.28   0.000     .2416721    .2540849
        SMSA |  -.1762903   .0028655   -61.52   0.000    -.1819066   -.1706741
      NEWENG |  -.1133571   .0055121   -20.57   0.000    -.1241606   -.1025536
      MIDATL |  -.0527515   .0041003   -12.87   0.000     -.060788   -.0447151
     ENOCENT |   .0159563   .0039398     4.05   0.000     .0082343    .0236782
     WNOCENT |  -.1077988   .0050041   -21.54   0.000    -.1176066   -.0979909
       SOATL |  -.1393424   .0041035   -33.96   0.000    -.1473852   -.1312996
     ESOCENT |  -.1644554   .0053262   -30.88   0.000    -.1748945   -.1540163
     WSOCENT |  -.1032796   .0046703   -22.11   0.000    -.1124333   -.0941258
          MT |  -.0921064   .0057895   -15.91   0.000    -.1034536   -.0807593
        YR20 |   .0888003   .0353575     2.51   0.012     .0195006    .1581001
        YR21 |   .0844662   .0318107     2.66   0.008     .0221182    .1468142
        YR22 |   .0782175   .0289405     2.70   0.007      .021495      .13494
        YR23 |   .0749617   .0263998     2.84   0.005     .0232189    .1267046
        YR24 |   .0671941   .0237537     2.83   0.005     .0206374    .1137507
        YR25 |   .0510923   .0207714     2.46   0.014      .010381    .0918035
        YR26 |   .0435516    .017206     2.53   0.011     .0098284    .0772748
        YR27 |   .0313043   .0128806     2.43   0.015     .0060588    .0565499
        YR28 |   .0211243   .0080257     2.63   0.008     .0053942    .0368545
        AGEQ |  -.0759683    .060413    -1.26   0.209     -.194376    .0424394
      AGEQSQ |   .0007702   .0006694     1.15   0.250    -.0005418    .0020822
       _cons |    6.80081   1.353582     5.02   0.000     4.147828    9.453792
------------------------------------------------------------------------------

. est store c7

. 
. 
. ** Col 2 4 6 8 ***
. ivregress 2sls LWKLYWGE YR20-YR28 (EDUC = QTR120-QTR129 QTR220-QTR229 QTR320-QTR329 YR20-YR28)

Instrumental variables 2SLS regression            Number of obs   =    329,509
                                                  Wald chi2(10)   =      41.67
                                                  Prob > chi2     =     0.0000
                                                  R-squared       =     0.1102
                                                  Root MSE        =     .64034

------------------------------------------------------------------------------
    LWKLYWGE | Coefficient  Std. err.      z    P>|z|     [95% conf. interval]
-------------+----------------------------------------------------------------
        EDUC |   .0891155   .0161098     5.53   0.000     .0575408    .1206901
        YR20 |   .0585271   .0104573     5.60   0.000     .0380311    .0790231
        YR21 |   .0496458   .0086184     5.76   0.000      .032754    .0665376
        YR22 |   .0404967   .0080759     5.01   0.000     .0246682    .0563253
        YR23 |   .0367315   .0074147     4.95   0.000     .0221991     .051264
        YR24 |   .0327393   .0070071     4.67   0.000     .0190056     .046473
        YR25 |   .0196996   .0062951     3.13   0.002     .0073615    .0320377
        YR26 |   .0197654   .0057559     3.43   0.001     .0084841    .0310468
        YR27 |   .0137096   .0052528     2.61   0.009     .0034144    .0240048
        YR28 |   .0119816    .004847     2.47   0.013     .0024816    .0214816
       _cons |     4.7342    .209935    22.55   0.000     4.322735    5.145665
------------------------------------------------------------------------------
Instrumented: EDUC
 Instruments: YR20 YR21 YR22 YR23 YR24 YR25 YR26 YR27 YR28 QTR120 QTR121
              QTR122 QTR123 QTR124 QTR125 QTR126 QTR127 QTR128 QTR129 QTR220
              QTR221 QTR222 QTR223 QTR224 QTR225 QTR226 QTR227 QTR228 QTR229
              QTR320 QTR321 QTR322 QTR323 QTR324 QTR325 QTR326 QTR327 QTR328
              QTR329

. est store c2

. ivregress 2sls LWKLYWGE YR20-YR28 AGEQ AGEQSQ (EDUC = QTR120-QTR129 QTR220-QTR229 QTR320-QTR329 YR20-YR28)
note: QTR327 omitted because of collinearity.
note: QTR329 omitted because of collinearity.

Instrumental variables 2SLS regression            Number of obs   =    329,509
                                                  Wald chi2(12)   =      44.54
                                                  Prob > chi2     =     0.0000
                                                  R-squared       =     0.1172
                                                  Root MSE        =     .63781

------------------------------------------------------------------------------
    LWKLYWGE | Coefficient  Std. err.      z    P>|z|     [95% conf. interval]
-------------+----------------------------------------------------------------
        EDUC |   .0759988   .0289648     2.62   0.009     .0192287    .1327688
        YR20 |   .0971831   .0513085     1.89   0.058    -.0033798    .1977459
        YR21 |   .0916403   .0459669     1.99   0.046     .0015469    .1817337
        YR22 |   .0828607   .0395228     2.10   0.036     .0053974    .1603241
        YR23 |   .0780374   .0341697     2.28   0.022     .0110659    .1450088
        YR24 |   .0709674   .0287925     2.46   0.014     .0145352    .1273995
        YR25 |   .0536472   .0241355     2.22   0.026     .0063426    .1009518
        YR26 |   .0477061   .0192492     2.48   0.013     .0099784    .0854339
        YR27 |    .033963   .0139934     2.43   0.015     .0065364    .0613897
        YR28 |   .0232763   .0086799     2.68   0.007      .006264    .0402885
        AGEQ |  -.0801109   .0644545    -1.24   0.214    -.2064394    .0462176
      AGEQSQ |   .0008309   .0007342     1.13   0.258    -.0006082    .0022699
       _cons |   6.788238   1.395279     4.87   0.000     4.053541    9.522936
------------------------------------------------------------------------------
Instrumented: EDUC
 Instruments: YR20 YR21 YR22 YR23 YR24 YR25 YR26 YR27 YR28 AGEQ AGEQSQ
              QTR120 QTR121 QTR122 QTR123 QTR124 QTR125 QTR126 QTR127 QTR128
              QTR129 QTR220 QTR221 QTR222 QTR223 QTR224 QTR225 QTR226 QTR227
              QTR228 QTR229 QTR320 QTR321 QTR322 QTR323 QTR324 QTR325 QTR326
              QTR328

. est store c4

. ivregress 2sls LWKLYWGE YR20-YR28 RACE MARRIED SMSA NEWENG MIDATL ENOCENT WNOCENT SOATL ESOCENT WSOCENT MT  (EDUC =
>  QTR120-QTR129 QTR220-QTR229 QTR320-QTR329 YR20-YR28)

Instrumental variables 2SLS regression            Number of obs   =    329,509
                                                  Wald chi2(21)   =   30158.55
                                                  Prob > chi2     =     0.0000
                                                  R-squared       =     0.1584
                                                  Root MSE        =     .62273

------------------------------------------------------------------------------
    LWKLYWGE | Coefficient  Std. err.      z    P>|z|     [95% conf. interval]
-------------+----------------------------------------------------------------
        EDUC |   .0805518   .0163846     4.92   0.000     .0484385     .112665
        YR20 |   .0412408   .0110988     3.72   0.000     .0194875    .0629941
        YR21 |    .034757   .0091265     3.81   0.000     .0168693    .0526446
        YR22 |    .029418   .0083609     3.52   0.000     .0130309    .0458051
        YR23 |   .0284025   .0075445     3.76   0.000     .0136155    .0431894
        YR24 |   .0250353   .0071143     3.52   0.000     .0110915    .0389791
        YR25 |   .0140564   .0062265     2.26   0.024     .0018527    .0262602
        YR26 |   .0137087   .0057811     2.37   0.018     .0023778    .0250395
        YR27 |   .0098912   .0051913     1.91   0.057    -.0002836     .020066
        YR28 |   .0092837   .0047368     1.96   0.050    -1.71e-07    .0185676
        RACE |  -.2302179   .0261251    -8.81   0.000    -.2814221   -.1790136
     MARRIED |   .2439689   .0048706    50.09   0.000     .2344227    .2535152
        SMSA |  -.1581466   .0174229    -9.08   0.000    -.1922948   -.1239985
      NEWENG |  -.1033678   .0109775    -9.42   0.000    -.1248833   -.0818523
      MIDATL |  -.0409571    .011911    -3.44   0.001    -.0643023    -.017612
     ENOCENT |   .0343439   .0178348     1.93   0.054    -.0006118    .0692995
     WNOCENT |  -.0950523   .0130463    -7.29   0.000    -.1206226   -.0694819
       SOATL |  -.1203118   .0184479    -6.52   0.000    -.1564689   -.0841546
     ESOCENT |  -.1355007   .0279182    -4.85   0.000    -.1902194   -.0807821
     WSOCENT |  -.0867657   .0162276    -5.35   0.000    -.1185711   -.0549602
          MT |  -.0879569   .0070079   -12.55   0.000    -.1016921   -.0742216
       _cons |   4.743756   .2292055    20.70   0.000     4.294522    5.192991
------------------------------------------------------------------------------
Instrumented: EDUC
 Instruments: YR20 YR21 YR22 YR23 YR24 YR25 YR26 YR27 YR28 RACE MARRIED SMSA
              NEWENG MIDATL ENOCENT WNOCENT SOATL ESOCENT WSOCENT MT QTR120
              QTR121 QTR122 QTR123 QTR124 QTR125 QTR126 QTR127 QTR128 QTR129
              QTR220 QTR221 QTR222 QTR223 QTR224 QTR225 QTR226 QTR227 QTR228
              QTR229 QTR320 QTR321 QTR322 QTR323 QTR324 QTR325 QTR326 QTR327
              QTR328 QTR329

. est store c6

. ivregress 2sls LWKLYWGE YR20-YR28 RACE MARRIED SMSA NEWENG MIDATL ENOCENT WNOCENT SOATL ESOCENT WSOCENT MT AGEQ AGE
> QSQ (EDUC = QTR120-QTR129 QTR220-QTR229 QTR320-QTR329 YR20-YR28)
note: QTR327 omitted because of collinearity.
note: QTR329 omitted because of collinearity.

Instrumental variables 2SLS regression            Number of obs   =    329,509
                                                  Wald chi2(23)   =   30391.57
                                                  Prob > chi2     =     0.0000
                                                  R-squared       =     0.1648
                                                  Root MSE        =     .62037

------------------------------------------------------------------------------
    LWKLYWGE | Coefficient  Std. err.      z    P>|z|     [95% conf. interval]
-------------+----------------------------------------------------------------
        EDUC |   .0599541   .0289846     2.07   0.039     .0031453    .1167629
        YR20 |   .0924767   .0479925     1.93   0.054    -.0015869    .1865402
        YR21 |    .087754     .04306     2.04   0.042     .0033579    .1721501
        YR22 |   .0808835   .0373007     2.17   0.030     .0077754    .1539915
        YR23 |   .0771007   .0324569     2.38   0.018     .0134864     .140715
        YR24 |   .0687469   .0274256     2.51   0.012     .0149937    .1225002
        YR25 |   .0522654   .0232105     2.25   0.024     .0067738    .0977571
        YR26 |    .044298   .0184253     2.40   0.016      .008185     .080411
        YR27 |   .0317476   .0134626     2.36   0.018     .0053613    .0581339
        YR28 |   .0213824   .0083433     2.56   0.010     .0050298    .0377351
        RACE |  -.2626226   .0458024    -5.73   0.000    -.3523936   -.1728515
     MARRIED |   .2486184   .0072576    34.26   0.000     .2343936    .2628431
        SMSA |  -.1797341     .03053    -5.89   0.000    -.2395718   -.1198965
      NEWENG |  -.1152548   .0176329    -6.54   0.000    -.1498146    -.080695
      MIDATL |  -.0549899   .0201772    -2.73   0.006    -.0945365   -.0154433
     ENOCENT |   .0124714   .0310094     0.40   0.688     -.048306    .0732487
     WNOCENT |  -.1102129    .021887    -5.04   0.000    -.1531105   -.0673152
       SOATL |  -.1429481    .032087    -4.46   0.000    -.2058375   -.0800586
     ESOCENT |  -.1699466   .0487579    -3.49   0.000    -.2655104   -.0743829
     WSOCENT |  -.1063996    .027931    -3.81   0.000    -.1611433   -.0516559
          MT |  -.0928902   .0090208   -10.30   0.000    -.1105707   -.0752097
        AGEQ |  -.0741212   .0625824    -1.18   0.236    -.1967804    .0485379
      AGEQSQ |   .0007428    .000712     1.04   0.297    -.0006528    .0021383
       _cons |   6.817025    1.36126     5.01   0.000     4.149005    9.485045
------------------------------------------------------------------------------
Instrumented: EDUC
 Instruments: YR20 YR21 YR22 YR23 YR24 YR25 YR26 YR27 YR28 RACE MARRIED SMSA
              NEWENG MIDATL ENOCENT WNOCENT SOATL ESOCENT WSOCENT MT AGEQ
              AGEQSQ QTR120 QTR121 QTR122 QTR123 QTR124 QTR125 QTR126 QTR127
              QTR128 QTR129 QTR220 QTR221 QTR222 QTR223 QTR224 QTR225 QTR226
              QTR227 QTR228 QTR229 QTR320 QTR321 QTR322 QTR323 QTR324 QTR325
              QTR326 QTR328

. est store c8 

. 
. *Export as a table in Latex
. esttab c* using `outdir'/TableV.tex, replace b(3) se(3) star(* 0.10 ** 0.05 *** 0.01) booktabs ///
> se r2 ar2  ///
> alignment(D{.}{.}{-1}) width(0.9\hsize)  
(file Analysis/Results/TableV.tex not found)
(output written to Analysis/Results/TableV.tex)

. 
end of do-file

. do Analysis/Code/TableVI_analysis.do

. ***********************************
. **** Giulia Salvi
. **** Task 1
. **** Table IV - Analysis
. ***********************************
. 
. clear

. cd $rootdir
C:\Users\xsalgi\Desktop\AK91

. local infile "Analysis/Input/TableVI_data.dta"

. local outdir "Analysis/Results"

. use `infile', replace

. 
. ** Col 1 3 5 7 ***
. est clear

. reg  LWKLYWGE EDUC  YR20-YR28 

      Source |       SS           df       MS      Number of obs   =   486,926
-------------+----------------------------------   F(10, 486915)   =   4396.64
       Model |  16795.7577        10  1679.57577   Prob > F        =    0.0000
    Residual |  186007.985   486,915  .382013257   R-squared       =    0.0828
-------------+----------------------------------   Adj R-squared   =    0.0828
       Total |  202803.743   486,925  .416498932   Root MSE        =    .61807

------------------------------------------------------------------------------
    LWKLYWGE | Coefficient  Std. err.      t    P>|t|     [95% conf. interval]
-------------+----------------------------------------------------------------
        EDUC |   .0573383   .0002981   192.37   0.000     .0567541    .0579224
        YR20 |   .2510504   .0040846    61.46   0.000     .2430446    .2590561
        YR21 |   .2426493    .004078    59.50   0.000     .2346565    .2506421
        YR22 |   .2309454   .0038924    59.33   0.000     .2233165    .2385743
        YR23 |   .2186718   .0038606    56.64   0.000     .2111052    .2262385
        YR24 |   .1822308   .0039072    46.64   0.000     .1745728    .1898889
        YR25 |   .1538481   .0039026    39.42   0.000     .1461991    .1614972
        YR26 |   .1206861   .0037029    32.59   0.000     .1134286    .1279437
        YR27 |   .0851009   .0035969    23.66   0.000     .0780511    .0921508
        YR28 |   .0402911   .0036434    11.06   0.000       .03315    .0474321
       _cons |   4.878781   .0048444  1007.10   0.000     4.869286    4.888276
------------------------------------------------------------------------------

. est store c1

. reg  LWKLYWGE EDUC  YR20-YR28 AGEQ AGEQSQ

      Source |       SS           df       MS      Number of obs   =   486,926
-------------+----------------------------------   F(12, 486913)   =   3668.22
       Model |  16814.1046        12  1401.17538   Prob > F        =    0.0000
    Residual |  185989.638   486,913  .381977146   R-squared       =    0.0829
-------------+----------------------------------   Adj R-squared   =    0.0829
       Total |  202803.743   486,925  .416498932   Root MSE        =    .61804

------------------------------------------------------------------------------
    LWKLYWGE | Coefficient  Std. err.      t    P>|t|     [95% conf. interval]
-------------+----------------------------------------------------------------
        EDUC |   .0573461   .0002981   192.38   0.000     .0567619    .0579304
        YR20 |    .110682   .0292461     3.78   0.000     .0533606    .1680035
        YR21 |   .0991362   .0257848     3.84   0.000     .0485988    .1496737
        YR22 |   .0890475   .0230196     3.87   0.000     .0439299    .1341651
        YR23 |   .0828728   .0207946     3.99   0.000      .042116    .1236296
        YR24 |   .0574244   .0186061     3.09   0.002      .020957    .0938917
        YR25 |   .0446047   .0162411     2.75   0.006     .0127727    .0764367
        YR26 |   .0327306    .013272     2.47   0.014     .0067179    .0587434
        YR27 |   .0207241   .0100957     2.05   0.040     .0009369    .0405114
        YR28 |   .0059328   .0062818     0.94   0.345    -.0063793     .018245
        AGEQ |   .1799818   .0389345     4.62   0.000     .1036715    .2562922
      AGEQSQ |  -.0023404   .0005592    -4.19   0.000    -.0034364   -.0012444
       _cons |     1.5622   .6709312     2.33   0.020     .2471952    2.877204
------------------------------------------------------------------------------

. est store c3

. reg  LWKLYWGE EDUC  RACE MARRIED SMSA NEWENG MIDATL ENOCENT WNOCENT SOATL ESOCENT WSOCENT MT YR20-YR28  

      Source |       SS           df       MS      Number of obs   =   486,926
-------------+----------------------------------   F(21, 486904)   =   3447.63
       Model |  26252.3155        21  1250.11026   Prob > F        =    0.0000
    Residual |  176551.427   486,904  .362600075   R-squared       =    0.1294
-------------+----------------------------------   Adj R-squared   =    0.1294
       Total |  202803.743   486,925  .416498932   Root MSE        =    .60216

------------------------------------------------------------------------------
    LWKLYWGE | Coefficient  Std. err.      t    P>|t|     [95% conf. interval]
-------------+----------------------------------------------------------------
        EDUC |   .0520464   .0002971   175.19   0.000     .0514641    .0526287
        RACE |  -.2107128   .0032215   -65.41   0.000    -.2170268   -.2043988
     MARRIED |   .2445162   .0022017   111.06   0.000     .2402009    .2488314
        SMSA |  -.1418395   .0022877   -62.00   0.000    -.1463234   -.1373556
      NEWENG |  -.0925392   .0043444   -21.30   0.000    -.1010541   -.0840243
      MIDATL |  -.0143339   .0032692    -4.38   0.000    -.0207415   -.0079263
     ENOCENT |   .0428862   .0031058    13.81   0.000      .036799    .0489734
     WNOCENT |  -.0701283   .0039399   -17.80   0.000    -.0778503   -.0624063
       SOATL |  -.1050696   .0032102   -32.73   0.000    -.1113615   -.0987776
     ESOCENT |  -.1202768   .0041859   -28.73   0.000     -.128481   -.1120727
     WSOCENT |  -.0583213   .0036588   -15.94   0.000    -.0654924   -.0511502
          MT |  -.0674863   .0044884   -15.04   0.000    -.0762833   -.0586892
        YR20 |   .2239961   .0039853    56.21   0.000     .2161849    .2318072
        YR21 |   .2158427   .0039785    54.25   0.000     .2080449    .2236405
        YR22 |   .2031091   .0037979    53.48   0.000     .1956653    .2105529
        YR23 |   .1929448   .0037664    51.23   0.000     .1855627    .2003269
        YR24 |   .1619856   .0038101    42.51   0.000     .1545179    .1694532
        YR25 |   .1365743   .0038049    35.89   0.000     .1291169    .1440317
        YR26 |   .1049269   .0036098    29.07   0.000     .0978518     .112002
        YR27 |   .0731486   .0035057    20.87   0.000     .0662775    .0800196
        YR28 |   .0350116     .00355     9.86   0.000     .0280537    .0419695
       _cons |   4.853827   .0057009   851.41   0.000     4.842654    4.865001
------------------------------------------------------------------------------

. est store c5

. reg  LWKLYWGE EDUC  RACE MARRIED SMSA NEWENG MIDATL ENOCENT WNOCENT SOATL ESOCENT WSOCENT MT YR20-YR28 AGEQ AGEQSQ 

      Source |       SS           df       MS      Number of obs   =   486,926
-------------+----------------------------------   F(23, 486902)   =   3149.93
       Model |  26267.5972        23  1142.06944   Prob > F        =    0.0000
    Residual |  176536.145   486,902  .362570179   R-squared       =    0.1295
-------------+----------------------------------   Adj R-squared   =    0.1295
       Total |  202803.743   486,925  .416498932   Root MSE        =    .60214

------------------------------------------------------------------------------
    LWKLYWGE | Coefficient  Std. err.      t    P>|t|     [95% conf. interval]
-------------+----------------------------------------------------------------
        EDUC |   .0520558   .0002971   175.21   0.000     .0514735    .0526382
        RACE |  -.2107622   .0032214   -65.43   0.000     -.217076   -.2044484
     MARRIED |   .2444055   .0022017   111.01   0.000     .2400903    .2487207
        SMSA |  -.1418543   .0022876   -62.01   0.000     -.146338   -.1373705
      NEWENG |  -.0926402   .0043443   -21.32   0.000    -.1011548   -.0841256
      MIDATL |  -.0143314   .0032691    -4.38   0.000    -.0207387   -.0079241
     ENOCENT |   .0429411   .0031057    13.83   0.000     .0368541    .0490281
     WNOCENT |   -.070033   .0039397   -17.78   0.000    -.0777548   -.0623113
       SOATL |  -.1050156   .0032101   -32.71   0.000    -.1113074   -.0987239
     ESOCENT |  -.1202851   .0041857   -28.74   0.000    -.1284889   -.1120812
     WSOCENT |   -.058082   .0036589   -15.87   0.000    -.0652533   -.0509108
          MT |  -.0675454   .0044882   -15.05   0.000    -.0763421   -.0587487
        YR20 |   .0875108   .0284969     3.07   0.002     .0316579    .1433638
        YR21 |   .0789526   .0251245     3.14   0.002     .0297093    .1281959
        YR22 |   .0697974   .0224299     3.11   0.002     .0258356    .1137592
        YR23 |   .0668501   .0202619     3.30   0.001     .0271373    .1065629
        YR24 |   .0472473   .0181292     2.61   0.009     .0117145      .08278
        YR25 |   .0369685   .0158246     2.34   0.019     .0059527    .0679842
        YR26 |   .0253141   .0129317     1.96   0.050    -.0000316    .0506598
        YR27 |    .015208   .0098365     1.55   0.122    -.0040714    .0344873
        YR28 |   .0042516   .0061205     0.69   0.487    -.0077443    .0162475
        AGEQ |   .1517973   .0379337     4.00   0.000     .0774484    .2261462
      AGEQSQ |  -.0019453   .0005448    -3.57   0.000    -.0030131   -.0008774
       _cons |   2.029773     .65369     3.11   0.002     .7485607    3.310985
------------------------------------------------------------------------------

. est store c7

. 
. 
. ** Col 2 4 6 8 ***
. ivregress 2sls LWKLYWGE YR20-YR28 (EDUC = QTR120-QTR129 QTR220-QTR229 QTR320-QTR329 YR20-YR28)

Instrumental variables 2SLS regression            Number of obs   =    486,926
                                                  Wald chi2(10)   =    6974.38
                                                  Prob > chi2     =     0.0000
                                                  R-squared       =     0.0827
                                                  Root MSE        =     .61809

------------------------------------------------------------------------------
    LWKLYWGE | Coefficient  Std. err.      z    P>|z|     [95% conf. interval]
-------------+----------------------------------------------------------------
        EDUC |   .0552978   .0137563     4.02   0.000     .0283359    .0822597
        YR20 |   .2497603   .0096072    26.00   0.000     .2309305    .2685901
        YR21 |   .2415559   .0084228    28.68   0.000     .2250475    .2580643
        YR22 |   .2302052   .0063281    36.38   0.000     .2178023     .242608
        YR23 |   .2180262   .0058173    37.48   0.000     .2066244     .229428
        YR24 |   .1816571   .0054976    33.04   0.000      .170882    .1924321
        YR25 |   .1535557   .0043722    35.12   0.000     .1449863    .1621251
        YR26 |   .1206802   .0037033    32.59   0.000      .113422    .1279384
        YR27 |   .0852128   .0036752    23.19   0.000     .0780095    .0924161
        YR28 |    .040319   .0036484    11.05   0.000     .0331682    .0474698
       _cons |   4.906853   .1892754    25.92   0.000      4.53588    5.277826
------------------------------------------------------------------------------
Instrumented: EDUC
 Instruments: YR20 YR21 YR22 YR23 YR24 YR25 YR26 YR27 YR28 QTR120 QTR121
              QTR122 QTR123 QTR124 QTR125 QTR126 QTR127 QTR128 QTR129 QTR220
              QTR221 QTR222 QTR223 QTR224 QTR225 QTR226 QTR227 QTR228 QTR229
              QTR320 QTR321 QTR322 QTR323 QTR324 QTR325 QTR326 QTR327 QTR328
              QTR329

. est store c2

. ivregress 2sls LWKLYWGE YR20-YR28 AGEQ AGEQSQ (EDUC = QTR120-QTR129 QTR220-QTR229 QTR320-QTR329 YR20-YR28)
note: QTR328 omitted because of collinearity.
note: QTR329 omitted because of collinearity.

Instrumental variables 2SLS regression            Number of obs   =    486,926
                                                  Wald chi2(12)   =    6806.01
                                                  Prob > chi2     =     0.0000
                                                  R-squared       =     0.0532
                                                  Root MSE        =     .62797

------------------------------------------------------------------------------
    LWKLYWGE | Coefficient  Std. err.      z    P>|z|     [95% conf. interval]
-------------+----------------------------------------------------------------
        EDUC |   .0947986   .0222744     4.26   0.000     .0511415    .1384557
        YR20 |   .0819032    .034292     2.39   0.017     .0146921    .1491143
        YR21 |   .0786832   .0288849     2.72   0.006       .02207    .1352965
        YR22 |   .0726292   .0253455     2.87   0.004     .0229529    .1223055
        YR23 |   .0733603   .0218729     3.35   0.001     .0304902    .1162304
        YR24 |   .0540045   .0190141     2.84   0.005     .0167375    .0912716
        YR25 |   .0418359    .016584     2.52   0.012     .0093319    .0743399
        YR26 |   .0291722   .0136503     2.14   0.033     .0024181    .0559264
        YR27 |    .017611   .0104236     1.69   0.091    -.0028189    .0380409
        YR28 |   .0056629   .0063848     0.89   0.375     -.006851    .0181768
        AGEQ |   .1325373    .048591     2.73   0.006     .0373007    .2277738
      AGEQSQ |   -.001582   .0007254    -2.18   0.029    -.0030038   -.0001602
       _cons |   1.788557   .6948771     2.57   0.010     .4266227    3.150491
------------------------------------------------------------------------------
Instrumented: EDUC
 Instruments: YR20 YR21 YR22 YR23 YR24 YR25 YR26 YR27 YR28 AGEQ AGEQSQ
              QTR120 QTR121 QTR122 QTR123 QTR124 QTR125 QTR126 QTR127 QTR128
              QTR129 QTR220 QTR221 QTR222 QTR223 QTR224 QTR225 QTR226 QTR227
              QTR228 QTR229 QTR320 QTR321 QTR322 QTR323 QTR324 QTR325 QTR326
              QTR327

. est store c4

. ivregress 2sls LWKLYWGE YR20-YR28 RACE MARRIED SMSA NEWENG MIDATL ENOCENT WNOCENT SOATL ESOCENT WSOCENT MT  (EDUC =
>  QTR120-QTR129 QTR220-QTR229 QTR320-QTR329 YR20-YR28)

Instrumental variables 2SLS regression            Number of obs   =    486,926
                                                  Wald chi2(21)   =   41560.34
                                                  Prob > chi2     =     0.0000
                                                  R-squared       =     0.1261
                                                  Root MSE        =     .60329

------------------------------------------------------------------------------
    LWKLYWGE | Coefficient  Std. err.      z    P>|z|     [95% conf. interval]
-------------+----------------------------------------------------------------
        EDUC |   .0392721   .0144917     2.71   0.007     .0108689    .0676752
        YR20 |   .2159624   .0099482    21.71   0.000     .1964644    .2354605
        YR21 |   .2090259   .0086986    24.03   0.000      .191977    .2260749
        YR22 |   .1982641   .0066839    29.66   0.000     .1851639    .2113644
        YR23 |   .1887218   .0060976    30.95   0.000     .1767708    .2006728
        YR24 |   .1582408   .0057106    27.71   0.000     .1470482    .1694334
        YR25 |    .134654   .0043903    30.67   0.000     .1260491    .1432589
        YR26 |   .1046187   .0036334    28.79   0.000     .0974973    .1117401
        YR27 |    .073587   .0035473    20.74   0.000     .0666344    .0805395
        YR28 |   .0351145   .0035586     9.87   0.000     .0281399    .0420892
        RACE |  -.2266122   .0183196   -12.37   0.000    -.2625179   -.1907065
     MARRIED |   .2442122   .0022326   109.39   0.000     .2398364     .248588
        SMSA |  -.1535466   .0134745   -11.40   0.000    -.1799562    -.127137
      NEWENG |  -.0967104   .0064286   -15.04   0.000    -.1093101   -.0841107
      MIDATL |  -.0204337   .0076545    -2.67   0.008    -.0354363   -.0054311
     ENOCENT |   .0326842   .0119822     2.73   0.006     .0091996    .0561688
     WNOCENT |  -.0755498    .007307   -10.34   0.000    -.0898712   -.0612284
       SOATL |  -.1157321   .0125137    -9.25   0.000    -.1402586   -.0912056
     ESOCENT |  -.1361323   .0184657    -7.37   0.000    -.1723245   -.0999401
     WSOCENT |   -.066576   .0100545    -6.62   0.000    -.0862823   -.0468696
          MT |  -.0678943   .0045205   -15.02   0.000    -.0767544   -.0590343
       _cons |   5.040699   .2120262    23.77   0.000     4.625135    5.456262
------------------------------------------------------------------------------
Instrumented: EDUC
 Instruments: YR20 YR21 YR22 YR23 YR24 YR25 YR26 YR27 YR28 RACE MARRIED SMSA
              NEWENG MIDATL ENOCENT WNOCENT SOATL ESOCENT WSOCENT MT QTR120
              QTR121 QTR122 QTR123 QTR124 QTR125 QTR126 QTR127 QTR128 QTR129
              QTR220 QTR221 QTR222 QTR223 QTR224 QTR225 QTR226 QTR227 QTR228
              QTR229 QTR320 QTR321 QTR322 QTR323 QTR324 QTR325 QTR326 QTR327
              QTR328 QTR329

. est store c6

. ivregress 2sls LWKLYWGE YR20-YR28 RACE MARRIED SMSA NEWENG MIDATL ENOCENT WNOCENT SOATL ESOCENT WSOCENT MT AGEQ AGE
> QSQ (EDUC = QTR120-QTR129 QTR220-QTR229 QTR320-QTR329 YR20-YR28)
note: QTR328 omitted because of collinearity.
note: QTR329 omitted because of collinearity.

Instrumental variables 2SLS regression            Number of obs   =    486,926
                                                  Wald chi2(23)   =   41126.10
                                                  Prob > chi2     =     0.0000
                                                  R-squared       =     0.1160
                                                  Root MSE        =     .60678

------------------------------------------------------------------------------
    LWKLYWGE | Coefficient  Std. err.      z    P>|z|     [95% conf. interval]
-------------+----------------------------------------------------------------
        EDUC |   .0778826   .0238715     3.26   0.001     .0310954    .1246698
        YR20 |   .0694171   .0332305     2.09   0.037     .0042866    .1345477
        YR21 |   .0661267   .0279557     2.37   0.018     .0113345     .120919
        YR22 |   .0598046   .0244168     2.45   0.014     .0119486    .1076607
        YR23 |   .0612154   .0210718     2.91   0.004     .0199154    .1025154
        YR24 |   .0454757   .0183421     2.48   0.013     .0095258    .0814257
        YR25 |   .0353146   .0160196     2.20   0.027     .0039166    .0667125
        YR26 |    .023348   .0131574     1.77   0.076    -.0024401    .0491361
        YR27 |   .0134793   .0100403     1.34   0.179    -.0061993    .0331579
        YR28 |   .0041181   .0061688     0.67   0.504    -.0079725    .0162088
        RACE |  -.1786469   .0298586    -5.98   0.000    -.2371686   -.1201251
     MARRIED |   .2450112   .0022881   107.08   0.000     .2405265    .2494958
        SMSA |  -.1181921   .0219902    -5.37   0.000    -.1612921   -.0750921
      NEWENG |  -.0842086   .0089381    -9.42   0.000     -.101727   -.0666902
      MIDATL |  -.0019903   .0118721    -0.17   0.867    -.0252592    .0212786
     ENOCENT |   .0635788   .0193288     3.29   0.001     .0256951    .1014625
     WNOCENT |  -.0590536   .0108963    -5.42   0.000    -.0804101   -.0376972
       SOATL |  -.0834592   .0201838    -4.13   0.000    -.1230187   -.0438998
     ESOCENT |  -.0882368   .0299185    -2.95   0.003    -.1468759   -.0295976
     WSOCENT |  -.0413564   .0158918    -2.60   0.009    -.0725038   -.0102091
          MT |  -.0667398   .0045836   -14.56   0.000    -.0757236    -.057756
        AGEQ |   .1214843    .047391     2.56   0.010     .0285996    .2143689
      AGEQSQ |  -.0014594   .0007092    -2.06   0.040    -.0028495   -.0000694
       _cons |   2.124584    .664514     3.20   0.001     .8221601    3.427007
------------------------------------------------------------------------------
Instrumented: EDUC
 Instruments: YR20 YR21 YR22 YR23 YR24 YR25 YR26 YR27 YR28 RACE MARRIED SMSA
              NEWENG MIDATL ENOCENT WNOCENT SOATL ESOCENT WSOCENT MT AGEQ
              AGEQSQ QTR120 QTR121 QTR122 QTR123 QTR124 QTR125 QTR126 QTR127
              QTR128 QTR129 QTR220 QTR221 QTR222 QTR223 QTR224 QTR225 QTR226
              QTR227 QTR228 QTR229 QTR320 QTR321 QTR322 QTR323 QTR324 QTR325
              QTR326 QTR327

. est store c8 

. 
. *Export as a table in Latex
. esttab c* using `outdir'/TableVI.tex, replace b(3) se(3) star(* 0.10 ** 0.05 *** 0.01) booktabs ///
> se r2 ar2  ///
> alignment(D{.}{.}{-1}) width(0.9\hsize)  
(file Analysis/Results/TableVI.tex not found)
(output written to Analysis/Results/TableVI.tex)

. 
end of do-file

. 
. log close
      name:  <unnamed>
       log:  C:\Users\xsalgi\Desktop\AK91\master.log
  log type:  text
 closed on:   5 Sep 2023, 16:24:34
---------------------------------------------------------------------------------------------------------------------
